>variable "test" {
#^^^^^^^^ source.hcl meta.block.hcl entity.name.type.hcl
#        ^ source.hcl meta.block.hcl
#         ^^^^^^ source.hcl meta.block.hcl variable.other.enummember.hcl
#               ^ source.hcl meta.block.hcl
#                ^ source.hcl meta.block.hcl punctuation.section.block.begin.hcl
>  type = object({
#^^ source.hcl meta.block.hcl
#  ^^^^ source.hcl meta.block.hcl variable.declaration.hcl variable.other.readwrite.hcl
#      ^ source.hcl meta.block.hcl variable.declaration.hcl
#       ^ source.hcl meta.block.hcl variable.declaration.hcl keyword.operator.assignment.hcl
#        ^ source.hcl meta.block.hcl variable.declaration.hcl
#         ^^^^^^ source.hcl meta.block.hcl storage.type.hcl
#               ^ source.hcl meta.block.hcl punctuation.section.parens.begin.hcl
#                ^ source.hcl meta.block.hcl meta.braces.hcl punctuation.section.braces.begin.hcl
>    test_object = map( # here
#^^^^ source.hcl meta.block.hcl meta.braces.hcl
#    ^^^^^^^^^^^ source.hcl meta.block.hcl meta.braces.hcl meta.mapping.key.hcl variable.other.readwrite.hcl
#               ^ source.hcl meta.block.hcl meta.braces.hcl
#                ^ source.hcl meta.block.hcl meta.braces.hcl keyword.operator.assignment.hcl
#                 ^ source.hcl meta.block.hcl meta.braces.hcl
#                  ^^^ source.hcl meta.block.hcl meta.braces.hcl storage.type.hcl
#                     ^^ source.hcl meta.block.hcl meta.braces.hcl
#                       ^ source.hcl meta.block.hcl meta.braces.hcl comment.line.number-sign.hcl punctuation.definition.comment.hcl
#                        ^^^^^ source.hcl meta.block.hcl meta.braces.hcl comment.line.number-sign.hcl
>      object({ # here
#^^^^^^ source.hcl meta.block.hcl meta.braces.hcl
#      ^^^^^^ source.hcl meta.block.hcl meta.braces.hcl storage.type.hcl
#            ^ source.hcl meta.block.hcl meta.braces.hcl
#             ^ source.hcl meta.block.hcl meta.braces.hcl meta.braces.hcl punctuation.section.braces.begin.hcl
#              ^ source.hcl meta.block.hcl meta.braces.hcl meta.braces.hcl
#               ^ source.hcl meta.block.hcl meta.braces.hcl meta.braces.hcl comment.line.number-sign.hcl punctuation.definition.comment.hcl
#                ^^^^^ source.hcl meta.block.hcl meta.braces.hcl meta.braces.hcl comment.line.number-sign.hcl
>        test_map = string
#^^^^^^^^ source.hcl meta.block.hcl meta.braces.hcl meta.braces.hcl
#        ^^^^^^^^ source.hcl meta.block.hcl meta.braces.hcl meta.braces.hcl meta.mapping.key.hcl variable.other.readwrite.hcl
#                ^ source.hcl meta.block.hcl meta.braces.hcl meta.braces.hcl
#                 ^ source.hcl meta.block.hcl meta.braces.hcl meta.braces.hcl keyword.operator.assignment.hcl
#                  ^ source.hcl meta.block.hcl meta.braces.hcl meta.braces.hcl
#                   ^^^^^^ source.hcl meta.block.hcl meta.braces.hcl meta.braces.hcl storage.type.hcl
>      })
#^^^^^^ source.hcl meta.block.hcl meta.braces.hcl meta.braces.hcl
#      ^ source.hcl meta.block.hcl meta.braces.hcl meta.braces.hcl punctuation.section.braces.end.hcl
#       ^^ source.hcl meta.block.hcl meta.braces.hcl
>    )
#^^^^^^ source.hcl meta.block.hcl meta.braces.hcl
>  })
#^^ source.hcl meta.block.hcl meta.braces.hcl
#  ^ source.hcl meta.block.hcl meta.braces.hcl punctuation.section.braces.end.hcl
#   ^ source.hcl meta.block.hcl punctuation.section.parens.end.hcl
>}
#^ source.hcl meta.block.hcl punctuation.section.block.end.hcl
>
>