>variable "foo" {}
#^^^^^^^^ source.hcl meta.block.hcl entity.name.type.hcl
#        ^ source.hcl meta.block.hcl
#         ^^^^^ source.hcl meta.block.hcl variable.other.enummember.hcl
#              ^ source.hcl meta.block.hcl
#               ^ source.hcl meta.block.hcl punctuation.section.block.begin.hcl
#                ^ source.hcl meta.block.hcl punctuation.section.block.end.hcl
>output "result-val" { value = var.foo }
#^^^^^^ source.hcl meta.block.hcl entity.name.type.hcl
#      ^ source.hcl meta.block.hcl
#       ^^^^^^^^^^^^ source.hcl meta.block.hcl variable.other.enummember.hcl
#                   ^ source.hcl meta.block.hcl
#                    ^ source.hcl meta.block.hcl punctuation.section.block.begin.hcl
#                     ^ source.hcl meta.block.hcl
#                      ^^^^^ source.hcl meta.block.hcl variable.declaration.hcl variable.other.readwrite.hcl
#                           ^ source.hcl meta.block.hcl variable.declaration.hcl
#                            ^ source.hcl meta.block.hcl variable.declaration.hcl keyword.operator.assignment.hcl
#                             ^ source.hcl meta.block.hcl variable.declaration.hcl
#                              ^^^ source.hcl meta.block.hcl
#                                 ^ source.hcl meta.block.hcl keyword.operator.accessor.hcl
#                                  ^^^ source.hcl meta.block.hcl variable.other.member.hcl
#                                     ^ source.hcl meta.block.hcl
#                                      ^ source.hcl meta.block.hcl punctuation.section.block.end.hcl
>
>variable "some-var" {
#^^^^^^^^ source.hcl meta.block.hcl entity.name.type.hcl
#        ^ source.hcl meta.block.hcl
#         ^^^^^^^^^^ source.hcl meta.block.hcl variable.other.enummember.hcl
#                   ^ source.hcl meta.block.hcl
#                    ^ source.hcl meta.block.hcl punctuation.section.block.begin.hcl
>  default = "value"
#^^ source.hcl meta.block.hcl
#  ^^^^^^^ source.hcl meta.block.hcl variable.declaration.hcl variable.other.readwrite.hcl
#         ^ source.hcl meta.block.hcl variable.declaration.hcl
#          ^ source.hcl meta.block.hcl variable.declaration.hcl keyword.operator.assignment.hcl
#           ^ source.hcl meta.block.hcl variable.declaration.hcl
#            ^ source.hcl meta.block.hcl string.quoted.double.hcl punctuation.definition.string.begin.hcl
#             ^^^^^ source.hcl meta.block.hcl string.quoted.double.hcl
#                  ^ source.hcl meta.block.hcl string.quoted.double.hcl punctuation.definition.string.end.hcl
>}
#^ source.hcl meta.block.hcl punctuation.section.block.end.hcl
>
>module "foo-mod" {
#^^^^^^ source.hcl meta.block.hcl entity.name.type.hcl
#      ^ source.hcl meta.block.hcl
#       ^^^^^^^^^ source.hcl meta.block.hcl variable.other.enummember.hcl
#                ^ source.hcl meta.block.hcl
#                 ^ source.hcl meta.block.hcl punctuation.section.block.begin.hcl
>  source = "./foo"
#^^ source.hcl meta.block.hcl
#  ^^^^^^ source.hcl meta.block.hcl variable.declaration.hcl variable.other.readwrite.hcl
#        ^ source.hcl meta.block.hcl variable.declaration.hcl
#         ^ source.hcl meta.block.hcl variable.declaration.hcl keyword.operator.assignment.hcl
#          ^ source.hcl meta.block.hcl variable.declaration.hcl
#           ^ source.hcl meta.block.hcl string.quoted.double.hcl punctuation.definition.string.begin.hcl
#            ^^^^^ source.hcl meta.block.hcl string.quoted.double.hcl
#                 ^ source.hcl meta.block.hcl string.quoted.double.hcl punctuation.definition.string.end.hcl
>  foo = var.some-var
#^^ source.hcl meta.block.hcl
#  ^^^ source.hcl meta.block.hcl variable.declaration.hcl variable.other.readwrite.hcl
#     ^ source.hcl meta.block.hcl variable.declaration.hcl
#      ^ source.hcl meta.block.hcl variable.declaration.hcl keyword.operator.assignment.hcl
#       ^ source.hcl meta.block.hcl variable.declaration.hcl
#        ^^^ source.hcl meta.block.hcl
#           ^ source.hcl meta.block.hcl keyword.operator.accessor.hcl
#            ^^^^^^^^ source.hcl meta.block.hcl variable.other.member.hcl
>}
#^ source.hcl meta.block.hcl punctuation.section.block.end.hcl
>
>module "bar" {
#^^^^^^ source.hcl meta.block.hcl entity.name.type.hcl
#      ^ source.hcl meta.block.hcl
#       ^^^^^ source.hcl meta.block.hcl variable.other.enummember.hcl
#            ^ source.hcl meta.block.hcl
#             ^ source.hcl meta.block.hcl punctuation.section.block.begin.hcl
>  source = "./foo"
#^^ source.hcl meta.block.hcl
#  ^^^^^^ source.hcl meta.block.hcl variable.declaration.hcl variable.other.readwrite.hcl
#        ^ source.hcl meta.block.hcl variable.declaration.hcl
#         ^ source.hcl meta.block.hcl variable.declaration.hcl keyword.operator.assignment.hcl
#          ^ source.hcl meta.block.hcl variable.declaration.hcl
#           ^ source.hcl meta.block.hcl string.quoted.double.hcl punctuation.definition.string.begin.hcl
#            ^^^^^ source.hcl meta.block.hcl string.quoted.double.hcl
#                 ^ source.hcl meta.block.hcl string.quoted.double.hcl punctuation.definition.string.end.hcl
>  foo = module.foo-mod.result-val
#^^ source.hcl meta.block.hcl
#  ^^^ source.hcl meta.block.hcl variable.declaration.hcl variable.other.readwrite.hcl
#     ^ source.hcl meta.block.hcl variable.declaration.hcl
#      ^ source.hcl meta.block.hcl variable.declaration.hcl keyword.operator.assignment.hcl
#       ^ source.hcl meta.block.hcl variable.declaration.hcl
#        ^^^^^^ source.hcl meta.block.hcl
#              ^ source.hcl meta.block.hcl keyword.operator.accessor.hcl
#               ^^^^^^^ source.hcl meta.block.hcl variable.other.member.hcl
#                      ^ source.hcl meta.block.hcl keyword.operator.accessor.hcl
#                       ^^^^^^^^^^ source.hcl meta.block.hcl variable.other.member.hcl
>}
#^ source.hcl meta.block.hcl punctuation.section.block.end.hcl