># https://developer.hashicorp.com/sentinel/docs/language/logging-errors
#^^^^^^^^^^^^^^^^^^^^^^^^^^^^^^^^^^^^^^^^^^^^^^^^^^^^^^^^^^^^^^^^^^^^^^^ source.sentinel comment.line.number-sign.sentinel
>
>value = 42
#^^^^^^ source.sentinel
#      ^ source.sentinel keyword.operator.symbol.sentinel
#       ^ source.sentinel
#        ^^ source.sentinel constant.numeric.number.sentinel
>print("the value is", value) // the value is 42
#^^^^^ source.sentinel support.function.builtin.sentinel
#     ^ source.sentinel
#      ^ source.sentinel string.quoted.double.untitled
#       ^^^^^^^^^^^^ source.sentinel string.quoted.double.untitled
#                   ^ source.sentinel string.quoted.double.untitled
#                    ^^^^^^^^^ source.sentinel
#                             ^^^^^^^^^^^^^^^^^^ source.sentinel comment.line.double-slash.sentinel
>
>map = { "foo": false }
#^^^ source.sentinel keyword.control.sentinel
#   ^ source.sentinel
#    ^ source.sentinel keyword.operator.symbol.sentinel
#     ^^^ source.sentinel
#        ^ source.sentinel string.quoted.double.untitled
#         ^^^ source.sentinel string.quoted.double.untitled
#            ^ source.sentinel string.quoted.double.untitled
#             ^^ source.sentinel
#               ^^^^^ source.sentinel constant.language.sentinel
#                    ^^^ source.sentinel
>print(map) // { "foo": false }
#^^^^^ source.sentinel support.function.builtin.sentinel
#     ^ source.sentinel
#      ^^^ source.sentinel keyword.control.sentinel
#         ^^ source.sentinel
#           ^^^^^^^^^^^^^^^^^^^ source.sentinel comment.line.double-slash.sentinel
>
>one_is_zero = rule { 1 == 0 }
#^^^^^^^^^^^^ source.sentinel
#            ^ source.sentinel keyword.operator.symbol.sentinel
#             ^ source.sentinel
#              ^^^^ source.sentinel keyword.other.sentinel
#                  ^^^ source.sentinel
#                     ^ source.sentinel constant.numeric.number.sentinel
#                      ^ source.sentinel
#                       ^ source.sentinel keyword.operator.symbol.sentinel
#                        ^ source.sentinel keyword.operator.symbol.sentinel
#                         ^ source.sentinel
#                          ^ source.sentinel constant.numeric.number.sentinel
#                           ^^^ source.sentinel
>print(one_is_zero) // false
#^^^^^ source.sentinel support.function.builtin.sentinel
#     ^^^^^^^^^^^^^^ source.sentinel
#                   ^^^^^^^^ source.sentinel comment.line.double-slash.sentinel
>