># line comment
#^ source.hcl.terraform comment.line.number-sign.hcl punctuation.definition.comment.hcl
# ^^^^^^^^^^^^^ source.hcl.terraform comment.line.number-sign.hcl
>
>// line comment
#^^ source.hcl.terraform comment.line.double-slash.hcl punctuation.definition.comment.hcl
#  ^^^^^^^^^^^^^ source.hcl.terraform comment.line.double-slash.hcl
>
>/*
#^^ source.hcl.terraform comment.block.hcl punctuation.definition.comment.hcl
>  Block comment
#^^^^^^^^^^^^^^^^ source.hcl.terraform comment.block.hcl
>*/
#^^ source.hcl.terraform comment.block.hcl punctuation.definition.comment.hcl
>
>terraform {
#^^^^^^^^^ source.hcl.terraform meta.block.hcl entity.name.type.terraform
#         ^ source.hcl.terraform meta.block.hcl
#          ^ source.hcl.terraform meta.block.hcl punctuation.section.block.begin.hcl
>  required_providers {
#^^ source.hcl.terraform meta.block.hcl
#  ^^^^^^^^^^^^^^^^^^ source.hcl.terraform meta.block.hcl meta.block.hcl entity.name.type.hcl
#                    ^ source.hcl.terraform meta.block.hcl meta.block.hcl
#                     ^ source.hcl.terraform meta.block.hcl meta.block.hcl punctuation.section.block.begin.hcl
>    azurerm = {
#^^^^ source.hcl.terraform meta.block.hcl meta.block.hcl
#    ^^^^^^^ source.hcl.terraform meta.block.hcl meta.block.hcl variable.declaration.hcl variable.other.readwrite.hcl
#           ^ source.hcl.terraform meta.block.hcl meta.block.hcl variable.declaration.hcl
#            ^ source.hcl.terraform meta.block.hcl meta.block.hcl variable.declaration.hcl keyword.operator.assignment.hcl
#             ^ source.hcl.terraform meta.block.hcl meta.block.hcl variable.declaration.hcl
#              ^ source.hcl.terraform meta.block.hcl meta.block.hcl meta.braces.hcl punctuation.section.braces.begin.hcl
>      source  = "hashicorp/azurerm"
#^^^^^^ source.hcl.terraform meta.block.hcl meta.block.hcl meta.braces.hcl
#      ^^^^^^ source.hcl.terraform meta.block.hcl meta.block.hcl meta.braces.hcl meta.mapping.key.hcl variable.other.readwrite.hcl
#            ^^ source.hcl.terraform meta.block.hcl meta.block.hcl meta.braces.hcl
#              ^ source.hcl.terraform meta.block.hcl meta.block.hcl meta.braces.hcl keyword.operator.assignment.hcl
#               ^ source.hcl.terraform meta.block.hcl meta.block.hcl meta.braces.hcl
#                ^ source.hcl.terraform meta.block.hcl meta.block.hcl meta.braces.hcl string.quoted.double.hcl punctuation.definition.string.begin.hcl
#                 ^^^^^^^^^^^^^^^^^ source.hcl.terraform meta.block.hcl meta.block.hcl meta.braces.hcl string.quoted.double.hcl
#                                  ^ source.hcl.terraform meta.block.hcl meta.block.hcl meta.braces.hcl string.quoted.double.hcl punctuation.definition.string.end.hcl
>      version = "~> 2.65"
#^^^^^^ source.hcl.terraform meta.block.hcl meta.block.hcl meta.braces.hcl
#      ^^^^^^^ source.hcl.terraform meta.block.hcl meta.block.hcl meta.braces.hcl meta.mapping.key.hcl variable.other.readwrite.hcl
#             ^ source.hcl.terraform meta.block.hcl meta.block.hcl meta.braces.hcl
#              ^ source.hcl.terraform meta.block.hcl meta.block.hcl meta.braces.hcl keyword.operator.assignment.hcl
#               ^ source.hcl.terraform meta.block.hcl meta.block.hcl meta.braces.hcl
#                ^ source.hcl.terraform meta.block.hcl meta.block.hcl meta.braces.hcl string.quoted.double.hcl punctuation.definition.string.begin.hcl
#                 ^^^^^^^ source.hcl.terraform meta.block.hcl meta.block.hcl meta.braces.hcl string.quoted.double.hcl
#                        ^ source.hcl.terraform meta.block.hcl meta.block.hcl meta.braces.hcl string.quoted.double.hcl punctuation.definition.string.end.hcl
>    }
#^^^^ source.hcl.terraform meta.block.hcl meta.block.hcl meta.braces.hcl
#    ^ source.hcl.terraform meta.block.hcl meta.block.hcl meta.braces.hcl punctuation.section.braces.end.hcl
>  }
#^^ source.hcl.terraform meta.block.hcl meta.block.hcl
#  ^ source.hcl.terraform meta.block.hcl meta.block.hcl punctuation.section.block.end.hcl
>
>  required_version = ">= 1.1.0"
#^^ source.hcl.terraform meta.block.hcl
#  ^^^^^^^^^^^^^^^^ source.hcl.terraform meta.block.hcl variable.declaration.hcl variable.other.readwrite.hcl
#                  ^ source.hcl.terraform meta.block.hcl variable.declaration.hcl
#                   ^ source.hcl.terraform meta.block.hcl variable.declaration.hcl keyword.operator.assignment.hcl
#                    ^ source.hcl.terraform meta.block.hcl variable.declaration.hcl
#                     ^ source.hcl.terraform meta.block.hcl string.quoted.double.hcl punctuation.definition.string.begin.hcl
#                      ^^^^^^^^ source.hcl.terraform meta.block.hcl string.quoted.double.hcl
#                              ^ source.hcl.terraform meta.block.hcl string.quoted.double.hcl punctuation.definition.string.end.hcl
>}
#^ source.hcl.terraform meta.block.hcl punctuation.section.block.end.hcl
>
>provider "azurerm" {
#^^^^^^^^ source.hcl.terraform meta.block.hcl entity.name.type.terraform
#        ^ source.hcl.terraform meta.block.hcl
#         ^^^^^^^^^ source.hcl.terraform meta.block.hcl variable.other.enummember.hcl
#                  ^ source.hcl.terraform meta.block.hcl
#                   ^ source.hcl.terraform meta.block.hcl punctuation.section.block.begin.hcl
>  features {}
#^^ source.hcl.terraform meta.block.hcl
#  ^^^^^^^^ source.hcl.terraform meta.block.hcl meta.block.hcl entity.name.type.hcl
#          ^ source.hcl.terraform meta.block.hcl meta.block.hcl
#           ^ source.hcl.terraform meta.block.hcl meta.block.hcl punctuation.section.block.begin.hcl
#            ^ source.hcl.terraform meta.block.hcl meta.block.hcl punctuation.section.block.end.hcl
>}
#^ source.hcl.terraform meta.block.hcl punctuation.section.block.end.hcl
>
>resource "azurerm_resource_group" "rg" {
#^^^^^^^^ source.hcl.terraform meta.block.hcl entity.name.type.terraform
#        ^ source.hcl.terraform meta.block.hcl
#         ^^^^^^^^^^^^^^^^^^^^^^^^ source.hcl.terraform meta.block.hcl variable.other.enummember.hcl
#                                 ^ source.hcl.terraform meta.block.hcl
#                                  ^^^^ source.hcl.terraform meta.block.hcl variable.other.enummember.hcl
#                                      ^ source.hcl.terraform meta.block.hcl
#                                       ^ source.hcl.terraform meta.block.hcl punctuation.section.block.begin.hcl
>  name     = "myTFResourceGroup"
#^^ source.hcl.terraform meta.block.hcl
#  ^^^^ source.hcl.terraform meta.block.hcl variable.declaration.hcl variable.other.readwrite.hcl
#      ^^^^^ source.hcl.terraform meta.block.hcl variable.declaration.hcl
#           ^ source.hcl.terraform meta.block.hcl variable.declaration.hcl keyword.operator.assignment.hcl
#            ^ source.hcl.terraform meta.block.hcl variable.declaration.hcl
#             ^ source.hcl.terraform meta.block.hcl string.quoted.double.hcl punctuation.definition.string.begin.hcl
#              ^^^^^^^^^^^^^^^^^ source.hcl.terraform meta.block.hcl string.quoted.double.hcl
#                               ^ source.hcl.terraform meta.block.hcl string.quoted.double.hcl punctuation.definition.string.end.hcl
>  location = "westus2"
#^^ source.hcl.terraform meta.block.hcl
#  ^^^^^^^^ source.hcl.terraform meta.block.hcl variable.declaration.hcl variable.other.readwrite.hcl
#          ^ source.hcl.terraform meta.block.hcl variable.declaration.hcl
#           ^ source.hcl.terraform meta.block.hcl variable.declaration.hcl keyword.operator.assignment.hcl
#            ^ source.hcl.terraform meta.block.hcl variable.declaration.hcl
#             ^ source.hcl.terraform meta.block.hcl string.quoted.double.hcl punctuation.definition.string.begin.hcl
#              ^^^^^^^ source.hcl.terraform meta.block.hcl string.quoted.double.hcl
#                     ^ source.hcl.terraform meta.block.hcl string.quoted.double.hcl punctuation.definition.string.end.hcl
>}
#^ source.hcl.terraform meta.block.hcl punctuation.section.block.end.hcl
>