>module "servers" {
#^^^^^^ source.hcl.terraform meta.block.hcl entity.name.type.terraform
#      ^ source.hcl.terraform meta.block.hcl
#       ^^^^^^^^^ source.hcl.terraform meta.block.hcl variable.other.enummember.hcl
#                ^ source.hcl.terraform meta.block.hcl
#                 ^ source.hcl.terraform meta.block.hcl punctuation.section.block.begin.hcl
>  source = "./app-cluster"
#^^ source.hcl.terraform meta.block.hcl
#  ^^^^^^ source.hcl.terraform meta.block.hcl variable.declaration.hcl variable.other.readwrite.hcl
#        ^ source.hcl.terraform meta.block.hcl variable.declaration.hcl
#         ^ source.hcl.terraform meta.block.hcl variable.declaration.hcl keyword.operator.assignment.hcl
#          ^ source.hcl.terraform meta.block.hcl variable.declaration.hcl
#           ^ source.hcl.terraform meta.block.hcl string.quoted.double.hcl punctuation.definition.string.begin.hcl
#            ^^^^^^^^^^^^^ source.hcl.terraform meta.block.hcl string.quoted.double.hcl
#                         ^ source.hcl.terraform meta.block.hcl string.quoted.double.hcl punctuation.definition.string.end.hcl
>
>  servers = 5
#^^ source.hcl.terraform meta.block.hcl
#  ^^^^^^^ source.hcl.terraform meta.block.hcl variable.declaration.hcl variable.other.readwrite.hcl
#         ^ source.hcl.terraform meta.block.hcl variable.declaration.hcl
#          ^ source.hcl.terraform meta.block.hcl variable.declaration.hcl keyword.operator.assignment.hcl
#           ^ source.hcl.terraform meta.block.hcl variable.declaration.hcl
#            ^ source.hcl.terraform meta.block.hcl constant.numeric.integer.hcl
>}
#^ source.hcl.terraform meta.block.hcl punctuation.section.block.end.hcl
>
>resource "aws_elb" "example" {
#^^^^^^^^ source.hcl.terraform meta.block.hcl entity.name.type.terraform
#        ^ source.hcl.terraform meta.block.hcl
#         ^^^^^^^^^ source.hcl.terraform meta.block.hcl variable.other.enummember.hcl
#                  ^ source.hcl.terraform meta.block.hcl
#                   ^^^^^^^^^ source.hcl.terraform meta.block.hcl variable.other.enummember.hcl
#                            ^ source.hcl.terraform meta.block.hcl
#                             ^ source.hcl.terraform meta.block.hcl punctuation.section.block.begin.hcl
>  # ...
#^^ source.hcl.terraform meta.block.hcl
#  ^ source.hcl.terraform meta.block.hcl comment.line.number-sign.hcl punctuation.definition.comment.hcl
#   ^^^^ source.hcl.terraform meta.block.hcl comment.line.number-sign.hcl
>
>  instances = module.servers.instance_ids
#^^ source.hcl.terraform meta.block.hcl
#  ^^^^^^^^^ source.hcl.terraform meta.block.hcl variable.declaration.hcl variable.other.readwrite.hcl
#           ^ source.hcl.terraform meta.block.hcl variable.declaration.hcl
#            ^ source.hcl.terraform meta.block.hcl variable.declaration.hcl keyword.operator.assignment.hcl
#             ^ source.hcl.terraform meta.block.hcl variable.declaration.hcl
#              ^^^^^^ source.hcl.terraform meta.block.hcl
#                    ^ source.hcl.terraform meta.block.hcl keyword.operator.accessor.hcl
#                     ^^^^^^^ source.hcl.terraform meta.block.hcl variable.other.member.hcl
#                            ^ source.hcl.terraform meta.block.hcl keyword.operator.accessor.hcl
#                             ^^^^^^^^^^^^ source.hcl.terraform meta.block.hcl variable.other.member.hcl
>}
#^ source.hcl.terraform meta.block.hcl punctuation.section.block.end.hcl
>