>provider "google" {
#^^^^^^^^ source.hcl.terraform meta.block.hcl entity.name.type.terraform
#        ^ source.hcl.terraform meta.block.hcl
#         ^^^^^^^^ source.hcl.terraform meta.block.hcl variable.other.enummember.hcl
#                 ^ source.hcl.terraform meta.block.hcl
#                  ^ source.hcl.terraform meta.block.hcl punctuation.section.block.begin.hcl
>  project = "acme-app"
#^^ source.hcl.terraform meta.block.hcl
#  ^^^^^^^ source.hcl.terraform meta.block.hcl variable.declaration.hcl variable.other.readwrite.hcl
#         ^ source.hcl.terraform meta.block.hcl variable.declaration.hcl
#          ^ source.hcl.terraform meta.block.hcl variable.declaration.hcl keyword.operator.assignment.hcl
#           ^ source.hcl.terraform meta.block.hcl variable.declaration.hcl
#            ^ source.hcl.terraform meta.block.hcl string.quoted.double.hcl punctuation.definition.string.begin.hcl
#             ^^^^^^^^ source.hcl.terraform meta.block.hcl string.quoted.double.hcl
#                     ^ source.hcl.terraform meta.block.hcl string.quoted.double.hcl punctuation.definition.string.end.hcl
>  region  = "us-central1"
#^^ source.hcl.terraform meta.block.hcl
#  ^^^^^^ source.hcl.terraform meta.block.hcl variable.declaration.hcl variable.other.readwrite.hcl
#        ^^ source.hcl.terraform meta.block.hcl variable.declaration.hcl
#          ^ source.hcl.terraform meta.block.hcl variable.declaration.hcl keyword.operator.assignment.hcl
#           ^ source.hcl.terraform meta.block.hcl variable.declaration.hcl
#            ^ source.hcl.terraform meta.block.hcl string.quoted.double.hcl punctuation.definition.string.begin.hcl
#             ^^^^^^^^^^^ source.hcl.terraform meta.block.hcl string.quoted.double.hcl
#                        ^ source.hcl.terraform meta.block.hcl string.quoted.double.hcl punctuation.definition.string.end.hcl
>}
#^ source.hcl.terraform meta.block.hcl punctuation.section.block.end.hcl
>